[CREATE TABLE t(i int, s char(65))] rc 0
[CREATE LUA AUDIT TRIGGER shoutout_to_monse ON (TABLE t FOR INSERT)] rc 0
(rows inserted=1)
[INSERT INTO t(i) values(4)] rc 0
(rows inserted=1)
[INSERT INTO t values(5, "abc")] rc 0
(new_i=4, new_s=NULL)
[SELECT new_i, new_s FROM "$audit_t" ORDER BY new_i] rc 0
[DROP TABLE t] rc 0
[DROP TABLE "$audit_t"] rc 0
[DROP LUA TRIGGER shoutout_to_monse] rc 0
