[CREATE TABLE t(i int, s char(65))] rc 0
[CREATE LUA TRIGGER shoutout_to_monse ON (TABLE t FOR INSERT) AUDITED] rc 0
(rows inserted=1)
[INSERT INTO t values(5, "abc")] rc 0
(sleep(1)=1)
[SELECT sleep(1)] rc 0
(type='add', tbl='t', logtime="2021-07-05T114540.015 America/New_York", new_i=5, old_i=NULL, new_s='abc', old_s=NULL)
[SELECT * FROM "$audit_t" ORDER BY logtime] rc 0
[DROP TABLE t] rc 0
[DROP TABLE "$audit_t"] rc 0
[DROP LUA TRIGGER shoutout_to_monse] rc 0
