[CREATE TABLE bx1155 { schema { cstring named[11] } }] rc 0
[CREATE LUA AUDITED TRIGGER omar ON (TABLE bx1155 FOR INSERT)] rc 0
(rows inserted=1)
[INSERT INTO bx1155 VALUES("0123456789")] rc 0
(sleep(1)=1)
[SELECT sleep(1)] rc 0
(type='add', tbl='bx1155', logtime="2021-07-05T153746.670 America/New_York", new_named='0123456789', old_named=NULL)
[SELECT * FROM "$audit_bx1155"] rc 0
[DROP LUA TRIGGER omar] rc 0
[DROP TABLE "$audit_bx1155"] rc 0
[DROP TABLE bx1155] rc 0
