[CREATE TABLE t(i int)] rc 0
[CREATE LUA AUDIT TRIGGER bloop ON (TABLE t FOR INSERT)] rc 0
(rows inserted=1)
[INSERT INTO t VALUES(4)] rc 0
[ALTER TABLE t ADD COLUMN b int] rc 0
(i=4, b=NULL)
[SELECT * FROM t] rc 0
(new_i=4, old_i=NULL, new_b=NULL, old_b=NULL)
[SELECT new_i, old_i, new_b, old_b FROM "$audit_t" ORDER BY new_i, old_i] rc 0
[ALTER TABLE t { schema { int i null=yes int b null=yes int c null=yes } }] rc 0
(new_i=4, old_i=NULL, new_b=NULL, old_b=NULL, new_c=NULL, old_c=NULL)
[SELECT new_i, old_i, new_b, old_b, new_c, old_c FROM "$audit_t" ORDER BY new_i, old_i] rc 0
(rows inserted=1)
[INSERT INTO t VALUES(1,2,3)] rc 0
(sleep(1)=1)
[SELECT sleep(1)] rc 0
(new_i=4, old_i=NULL, new_b=NULL, old_b=NULL, new_c=NULL, old_c=NULL)
(new_i=1, old_i=NULL, new_b=NULL, old_b=NULL, new_c=NULL, old_c=NULL)
[SELECT new_i, old_i, new_b, old_b, new_c, old_c FROM "$audit_t"] rc 0
[DROP TABLE t] rc 0
[DROP TABLE "$audit_t"] rc 0
[DROP LUA TRIGGER bloop] rc 0
